// Jest Snapshot v1, https://goo.gl/fbAQLP

exports[`Register Screen test should renders \`Register Screen\` module correctly 1`] = `ShallowWrapper {}`;
