// Jest Snapshot v1, https://goo.gl/fbAQLP

exports[`Login Screen test should renders \`LoginScreen Screen\` module correctly 1`] = `ShallowWrapper {}`;
